

Coordinator@FloUB 18.06 19:26:52,907| ######################## Status: SETUP ########################################
Coordinator@FloUB 18.06 19:26:52,907| NameServiceNode = ns@FloUB
Coordinator@FloUB 18.06 19:26:52,923| NameServiceName = nameservice
Coordinator@FloUB 18.06 19:26:52,923| NameServicePID  = undefined


Coordinator@FloUB 18.06 19:26:54,829| ######################## Status: SETUP ########################################
Coordinator@FloUB 18.06 19:26:54,829| NameServiceNode = ns@FloUB
Coordinator@FloUB 18.06 19:26:54,829| NameServiceName = nameservice
Coordinator@FloUB 18.06 19:26:54,829| NameServicePID  = <10474.46.0>
Coordinator@FloUB 18.06 19:26:54,845| Mit NameService verbunden


Coordinator@FloUB 18.06 19:26:54,845| ######################## Status: REGISTER ########################################
Coordinator@FloUB 18.06 19:26:54,845| Warte 40 sekunden lang auf Registrierungen
Coordinator@FloUB 18.06 19:27:03,437| Starter <10633.46.0> erfragt die GGT Startwerte (get_ggt_vals)
Coordinator@FloUB 18.06 19:27:03,438| ... sende ggt_vals (TTW: 2 TTT: 3 PTS: 3)
Coordinator@FloUB 18.06 19:27:03,454| Neuer GGT Prozess mit dem Name: '231_1' hat sich angemeldet (check_in)
Coordinator@FloUB 18.06 19:27:03,548| Neuer GGT Prozess mit dem Name: '232_1' hat sich angemeldet (check_in)
Coordinator@FloUB 18.06 19:27:03,657| Neuer GGT Prozess mit dem Name: '233_1' hat sich angemeldet (check_in)


Coordinator@FloUB 18.06 19:27:34,860| ######################## Status: INIT ########################################
Coordinator@FloUB 18.06 19:27:34,860| Warte auf dem step Befehl
Coordinator@FloUB 18.06 19:27:36,204| step erhalten. Erstelle den Ring
Coordinator@FloUB 18.06 19:27:36,204| Erstelle Ring:
Coordinator@FloUB 18.06 19:27:36,204| ## Sortierte GGTs: ['231_1','232_1','233_1']
Coordinator@FloUB 18.06 19:27:36,204| ## Gemixte GGTs: ['231_1','233_1','232_1']
Coordinator@FloUB 18.06 19:27:36,204| GGT '232_1' = linker Nachbar: '233_1' | rechter Nachbar: '231_1'
Coordinator@FloUB 18.06 19:27:36,204| GGT '233_1' = linker Nachbar: '231_1' | rechter Nachbar: '232_1'
Coordinator@FloUB 18.06 19:27:36,220| GGT '231_1' = linker Nachbar: '232_1' | rechter Nachbar: '233_1'
Coordinator@FloUB 18.06 19:27:36,220| GGT Prozesse ueber Nachbarn informieren
Coordinator@FloUB 18.06 19:27:36,220| Sende '231_1' seine Nachbarn: R='232_1' | L='233_1'
Coordinator@FloUB 18.06 19:27:36,220| Sende '232_1' seine Nachbarn: R='233_1' | L='231_1'
Coordinator@FloUB 18.06 19:27:36,220| Sende '233_1' seine Nachbarn: R='231_1' | L='232_1'


Coordinator@FloUB 18.06 19:27:36,220| ######################## Status: READY ########################################
Coordinator@FloUB 18.06 19:27:36,220| Warte auf steuer Befehle (z.b. calc)
Coordinator@FloUB 18.06 19:27:41,375| Schluesselwort calc empfangen mit target=100
Coordinator@FloUB 18.06 19:27:41,376| Informiere '231_1': ueber initial Mi = 10915862100
Coordinator@FloUB 18.06 19:27:41,376| Informiere '232_1': ueber initial Mi = 1875900
Coordinator@FloUB 18.06 19:27:41,376| Informiere '233_1': ueber initial Mi = 4680500
Coordinator@FloUB 18.06 19:27:41,376| 15% der GGT Prozess ausgewaehlt: ['231_1','233_1']
Coordinator@FloUB 18.06 19:27:41,376| Informiere '231_1' mit dem Vielfachen von Target = 7500
Coordinator@FloUB 18.06 19:27:41,376| Informiere '233_1' mit dem Vielfachen von Target = 3727102500
Coordinator@FloUB 18.06 19:27:43,407| Prozess '231_1' hat einen neuen Mi 2100 um "18.06 19:27:43,410|" berechnet
Coordinator@FloUB 18.06 19:27:45,423| Prozess '233_1' hat einen neuen Mi 1700 um "18.06 19:27:45,426|" berechnet
Coordinator@FloUB 18.06 19:27:45,423| Prozess '232_1' hat einen neuen Mi 600 um "18.06 19:27:45,426|" berechnet
Coordinator@FloUB 18.06 19:27:47,437| Prozess '231_1' hat einen neuen Mi 400 um "18.06 19:27:47,441|" berechnet
Coordinator@FloUB 18.06 19:27:47,454| Prozess '233_1' hat einen neuen Mi 500 um "18.06 19:27:47,457|" berechnet
Coordinator@FloUB 18.06 19:27:49,470| Prozess '233_1' hat einen neuen Mi 100 um "18.06 19:27:49,473|" berechnet
Coordinator@FloUB 18.06 19:27:49,470| Prozess '232_1' hat einen neuen Mi 200 um "18.06 19:27:49,473|" berechnet
Coordinator@FloUB 18.06 19:27:53,484| Prozess '231_1' hat einen neuen Mi 100 um "18.06 19:27:53,488|" berechnet
Coordinator@FloUB 18.06 19:27:53,516| Prozess '232_1' hat einen neuen Mi 100 um "18.06 19:27:53,519|" berechnet
Coordinator@FloUB 18.06 19:27:58,548| GGT wurde berechnent: Mi >> 100 << berechnet durch: '232_1' um: "18.06 19:27:58,551|"
Coordinator@FloUB 18.06 19:28:12,750| Schluesselwort calc empfangen mit target=17
Coordinator@FloUB 18.06 19:28:12,751| Informiere '231_1': ueber initial Mi = 332741
Coordinator@FloUB 18.06 19:28:12,751| Informiere '232_1': ueber initial Mi = 3776342493495
Coordinator@FloUB 18.06 19:28:12,751| Informiere '233_1': ueber initial Mi = 42437967
Coordinator@FloUB 18.06 19:28:12,751| 15% der GGT Prozess ausgewaehlt: ['233_1','231_1']
Coordinator@FloUB 18.06 19:28:12,766| Informiere '233_1' mit dem Vielfachen von Target = 907647
Coordinator@FloUB 18.06 19:28:12,766| Informiere '231_1' mit dem Vielfachen von Target = 4047615
Coordinator@FloUB 18.06 19:28:17,812| GGT wurde berechnent: Mi >> 100 << berechnet durch: '231_1' um: "18.06 19:28:17,816|"
Coordinator@FloUB 18.06 19:28:17,829| GGT wurde berechnent: Mi >> 100 << berechnet durch: '233_1' um: "18.06 19:28:17,816|"
